C:\Users\24153548\Documents\Tarde>git clone https://github.com/isabellassiqueira/Versionamento
Cloning into 'Versionamento'...
remote: Enumerating objects: 3, done.
remote: Counting objects: 100% (3/3), done.
remote: Compressing objects: 100% (3/3), done.
remote: Total 3 (delta 0), reused 3 (delta 0), pack-reused 0
Receiving objects: 100% (3/3), 89.50 KiB | 29.83 MiB/s, done.


Novo:
Untracked files:
  (use "git add <file>..." to include in what will be committed)
        Comandos GitHub.txt
        Comandos da Tarde.txt

nothing added to commit but untracked files present (use "git add" to track)

C:\Users\24153548\Documents\Tarde\Versionamento>git add .

C:\Users\24153548\Documents\Tarde\Versionamento>git status
On branch main
Your branch is up to date with 'origin/main'.

Changes to be committed:
  (use "git restore --staged <file>..." to unstage)
        new file:   Comandos GitHub.txt
        new file:   Comandos da Tarde.txt]


